8.6
15.8
18.9
0.0
7.0
2.2
6.0
1.8
12.5
4.8
1.3
9.0
14.9
16.7
3.8
7.2
10.1
7.3
8.5
12.5
3.5
17.5
11.2
6.6
0.3
18.4
15.8
12.5
-0.9
18.7
4.9
9.4
8.0
18.8
19.0
14.1
4.4
-0.4
3.0
9.4
16.3
1.7
2.2
3.3
3.4
17.9
0.1
7.3
16.2
10.9
15.3
12.9
8.6
5.5
0.9
2.3
15.9
13.1
12.3
9.6
14.9
2.5
7.4
8.9
7.4
11.1
11.3
2.6
10.0
16.9
6.4
4.0
6.1
10.2
7.1
8.3
21.4
3.7
-0.2
9.4
11.6
2.7
9.8
20.3
3.0
11.5
6.8
3.2
-0.8
7.4
4.8
10.9
12.4
-3.4
5.7
5.8
2.4
-2.5
3.8
10.9